
> salon-website@0.1.0 build
> next build

node.exe : 笞 Warning: Next.js inferred your workspace root, but it may 
not be correct.
発生場所 C:\Program Files\nodejs\npm.ps1:29 文字:3
+   & $NODE_EXE $NPM_CLI_JS $args
+   ~~~~~~~~~~~~~~~~~~~~~~~~~~~~~
    + CategoryInfo          : NotSpecified: (笞 Warning: Nex...not be c 
   orrect.:String) [], RemoteException
    + FullyQualifiedErrorId : NativeCommandError
 
 We detected multiple lockfiles and selected the directory of C:\Users\o
gohs\package-lock.json as the root directory.
 To silence this warning, set `turbopack.root` in your Next.js config, o
r consider removing one of the lockfiles if it's not needed.
   See https://nextjs.org/docs/app/api-reference/config/next-config-js/t
urbopack#root-directory for more information.
 Detected additional lockfiles: 
   * C:\Users\ogohs\.gemini\antigravity\scratch\salon-website\package-lo
ck.json

笆ｲ Next.js 16.1.1 (Turbopack)
- Environments: .env.local

笞 The "middleware" file convention is deprecated. Please use "proxy" in
stead. Learn more: https://nextjs.org/docs/messages/middleware-to-proxy
  Creating an optimized production build ...
笨・Compiled successfully in 14.2s
  Running TypeScript ...
Failed to compile.

./src/app/page.tsx:28:14
Type error: Type 'Staff[]' is not assignable to type 'StaffItem[]'.
  Type 'Staff' is not assignable to type 'StaffItem'.
    Types of property 'message' are incompatible.
      Type 'string | undefined' is not assignable to type 'string'.
        Type 'undefined' is not assignable to type 'string'.

[0m [90m 26 |[39m       [33m<[39m[33mConcept[39m data[33m=[39m{
siteInfo[33m.[39mconcept} [33m/[39m[33m>[39m
 [90m 27 |[39m       [33m<[39m[33mGallery[39m items[33m=[39m{gal
leryItems} [33m/[39m[33m>[39m
[31m[1m>[22m[39m[90m 28 |[39m       [33m<[39m[33mStaff[39m ite
ms[33m=[39m{staffItems} [33m/[39m[33m>[39m
 [90m    |[39m              [31m[1m^[22m[39m
 [90m 29 |[39m       [33m<[39m[33mMenuList[39m menuItems[33m=[39
m{menuItems} [33m/[39m[33m>[39m
 [90m 30 |[39m       [33m<[39m[33mSalonSpace[39m data[33m=[39m{s
iteInfo[33m.[39msalonSpace} [35m/> {/[39m[33m*[39m [33mSalon[39m
 [33mAtmosphere[39m [33m*[39m[33m/[39m}
 [90m 31 |[39m       [33m<[39m[33mFAQ[39m items[33m=[39m{faqItem
s} [33m/[39m[33m>[39m[0m
Next.js build worker exited with code: 1 and signal: null
